******************************************************************************
                  TI ARM Linker PC v20.2.1                     
******************************************************************************
>> Linked Tue Oct 20 19:51:47 2020

OUTPUT FILE NAME:   <Lab1_TIVAC123.out>
ENTRY POINT SYMBOL: "_c_int00_noargs"  address: 00000e15


MEMORY CONFIGURATION

         name            origin    length      used     unused   attr    fill
----------------------  --------  ---------  --------  --------  ----  --------
  FLASH                 00000000   00040000  00001172  0003ee8e  R  X
  SRAM                  20000000   00008000  00000615  000079eb  RW X


SEGMENT ALLOCATION MAP

run origin  load origin   length   init length attrs members
----------  ----------- ---------- ----------- ----- -------
00000000    00000000    00001174   00001174    r-x
  00000000    00000000    0000026c   0000026c    r-- .intvecs
  0000026c    0000026c    00000d86   00000d86    r-x .text
  00000ff4    00000ff4    0000016c   0000016c    r-- .const
  00001160    00001160    00000014   00000014    r-- .cinit
20000000    20000000    00000618   00000000    rw-
  20000000    20000000    00000415   00000000    rw- .bss
  20000418    20000418    00000200   00000000    rw- .stack


SECTION ALLOCATION MAP

 output                                  attributes/
section   page    origin      length       input sections
--------  ----  ----------  ----------   ----------------
.intvecs   0    00000000    0000026c     
                  00000000    0000026c     tm4c123gh6pm_startup_ccs.obj (.intvecs)

.text      0    0000026c    00000d86     
                  0000026c    00000488     exp3.obj (.text)
                  000006f4    00000132     driverlib.lib : gpio.obj (.text:GPIOPadConfigSet)
                  00000826    00000002     --HOLE-- [fill = 0]
                  00000828    00000110                   : sysctl.obj (.text:SysCtlClockGet)
                  00000938    000000f4                   : sysctl.obj (.text:SysCtlClockSet)
                  00000a2c    00000084                   : udma.obj (.text:uDMAChannelTransferSet)
                  00000ab0    0000007a                   : adc.obj (.text:ADCSequenceStepConfigure)
                  00000b2a    0000007a     rtsv7M4_T_le_v4SPD16_eabi.lib : memset_t2.asm.obj (.text)
                  00000ba4    00000068     driverlib.lib : interrupt.obj (.text:IntDisable)
                  00000c0c    00000068                   : interrupt.obj (.text:IntEnable)
                  00000c74    00000050                   : adc.obj (.text:ADCSequenceConfigure)
                  00000cc4    00000048                   : gpio.obj (.text:GPIOPinConfigure)
                  00000d0c    00000048                   : udma.obj (.text:uDMAChannelAttributeDisable)
                  00000d54    00000048                   : udma.obj (.text:uDMAChannelAttributeEnable)
                  00000d9c    00000044     rtsv7M4_T_le_v4SPD16_eabi.lib : autoinit.c.obj (.text:__TI_auto_init_nobinit_nopinit:__TI_auto_init_nobinit_nopinit)
                  00000de0    00000034     driverlib.lib : sysctl.obj (.text:SysCtlPeripheralEnable)
                  00000e14    00000034     rtsv7M4_T_le_v4SPD16_eabi.lib : boot_cortex_m.c.obj (.text:_c_int00_noargs:_c_int00_noargs)
                  00000e48    0000002a     driverlib.lib : gpio.obj (.text:GPIODirModeSet)
                  00000e72    00000002     --HOLE-- [fill = 0]
                  00000e74    00000028                   : udma.obj (.text:uDMAChannelModeGet)
                  00000e9c    00000024                   : udma.obj (.text:uDMAChannelControlSet)
                  00000ec0    00000018                   : adc.obj (.text:ADCProcessorTrigger)
                  00000ed8    00000018                   : gpio.obj (.text:GPIOPinTypeGPIOOutput)
                  00000ef0    00000018                   : udma.obj (.text:uDMAChannelEnable)
                  00000f08    00000012                   : gpio.obj (.text:GPIOPinTypeUART)
                  00000f1a    00000010                   : adc.obj (.text:ADCIntEnable)
                  00000f2a    00000010                   : adc.obj (.text:ADCSequenceDMAEnable)
                  00000f3a    00000010                   : interrupt.obj (.text:IntMasterEnable)
                  00000f4a    00000002     --HOLE-- [fill = 0]
                  00000f4c    00000010                   : udma.obj (.text:uDMAEnable)
                  00000f5c    0000000e                   : adc.obj (.text:ADCIntDisable)
                  00000f6a    0000000e                   : adc.obj (.text:ADCSequenceDisable)
                  00000f78    0000000e                   : adc.obj (.text:ADCSequenceEnable)
                  00000f86    0000000e                   : uart.obj (.text:UARTCharsAvail)
                  00000f94    0000000c                   : cpu.obj (.text:CPUcpsie)
                  00000fa0    0000000c     rtsv7M4_T_le_v4SPD16_eabi.lib : copy_zero_init.c.obj (.text:decompress:ZI:__TI_zero_init)
                  00000fac    0000000c     tm4c123gh6pm_startup_ccs.obj (.text)
                  00000fb8    0000000c     driverlib.lib : udma.obj (.text:uDMAControlBaseSet)
                  00000fc4    0000000a                   : adc.obj (.text:ADCIntClear)
                  00000fce    0000000a                   : uart.obj (.text:UARTCharGet)
                  00000fd8    00000006                   : gpio.obj (.text:GPIOPinRead)
                  00000fde    00000006                   : gpio.obj (.text:GPIOPinWrite)
                  00000fe4    00000006                   : sysctl.obj (.text:SysCtlDelay)
                  00000fea    00000004     rtsv7M4_T_le_v4SPD16_eabi.lib : pre_init.c.obj (.text:_system_pre_init)
                  00000fee    00000004                                   : exit.c.obj (.text:abort:abort)

.const     0    00000ff4    0000016c     
                  00000ff4    00000090     driverlib.lib : gpio.obj (.const:g_pui32GPIOBaseAddrs)
                  00001084    00000070                   : interrupt.obj (.const)
                  000010f4    0000006c                   : sysctl.obj (.const:g_pui32Xtals)

.cinit     0    00001160    00000014     
                  00001160    00000008     (.cinit..bss.load) [load image, compression = zero_init]
                  00001168    00000004     (__TI_handler_table)
                  0000116c    00000008     (__TI_cinit_table)

.init_array 
*          0    00000000    00000000     UNINITIALIZED

.bss       0    20000000    00000415     UNINITIALIZED
                  20000000    00000400     (.common:pui8ControlTable)
                  20000400    00000010     (.common:temp_t)
                  20000410    00000004     (.common:Count)
                  20000414    00000001     exp3.obj (.bss)

.stack     0    20000418    00000200     UNINITIALIZED
                  20000418    00000004     rtsv7M4_T_le_v4SPD16_eabi.lib : boot_cortex_m.c.obj (.stack)
                  2000041c    000001fc     --HOLE--

__llvm_prf_cnts 
*          0    20000000    00000000     UNINITIALIZED

MODULE SUMMARY

       Module                         code   ro data   rw data
       ------                         ----   -------   -------
    .\
       exp3.obj                       1160   0         1045   
       tm4c123gh6pm_startup_ccs.obj   12     620       0      
    +--+------------------------------+------+---------+---------+
       Total:                         1172   620       1045   
                                                              
    C:/ti/tivaware_c_series_2_1_4_178/driverlib/ccs/Debug/driverlib.lib
       sysctl.obj                     574    108       0      
       gpio.obj                       474    144       0      
       udma.obj                       404    0         0      
       interrupt.obj                  224    112       0      
       adc.obj                        310    0         0      
       uart.obj                       24     0         0      
       cpu.obj                        12     0         0      
    +--+------------------------------+------+---------+---------+
       Total:                         2022   364       0      
                                                              
    C:\ti\ccs1010\ccs\tools\compiler\ti-cgt-arm_20.2.1.LTS\lib\rtsv7M4_T_le_v4SPD16_eabi.lib
       memset_t2.asm.obj              122    0         0      
       autoinit.c.obj                 68     0         0      
       boot_cortex_m.c.obj            52     0         0      
       copy_zero_init.c.obj           12     0         0      
       exit.c.obj                     4      0         0      
       pre_init.c.obj                 4      0         0      
    +--+------------------------------+------+---------+---------+
       Total:                         262    0         0      
                                                              
       Stack:                         0      0         512    
       Linker Generated:              0      20        0      
    +--+------------------------------+------+---------+---------+
       Grand Total:                   3456   1004      1557   


LINKER GENERATED COPY TABLES

__TI_cinit_table @ 0000116c records: 1, size/record: 8, table size: 8
	.bss: load addr=00001160, load size=00000008 bytes, run addr=20000000, run size=00000415 bytes, compression=zero_init


LINKER GENERATED HANDLER TABLE

__TI_handler_table @ 00001168 records: 1, size/record: 4, table size: 4
	index: 0, handler: __TI_zero_init


GLOBAL SYMBOLS: SORTED ALPHABETICALLY BY Name 

address   name                          
-------   ----                          
00000fc5  ADCIntClear                   
00000f5d  ADCIntDisable                 
00000f1b  ADCIntEnable                  
00000ec1  ADCProcessorTrigger           
00000675  ADCSeq0Handler                
00000c75  ADCSequenceConfigure          
00000f2b  ADCSequenceDMAEnable          
00000f6b  ADCSequenceDisable            
00000f79  ADCSequenceEnable             
00000ab1  ADCSequenceStepConfigure      
00000fef  C$$EXIT                       
00000f95  CPUcpsie                      
000004f1  CalculateTemperatureAvg       
000005e1  ConfigureADC                  
000005a9  ConfigureUART                 
00000639  ConfigureUDMA                 
20000410  Count                         
00000e49  GPIODirModeSet                
000006f5  GPIOPadConfigSet              
00000cc5  GPIOPinConfigure              
00000fd9  GPIOPinRead                   
00000ed9  GPIOPinTypeGPIOOutput         
00000f09  GPIOPinTypeUART               
00000fdf  GPIOPinWrite                  
00000ba5  IntDisable                    
00000c0d  IntEnable                     
00000f3b  IntMasterEnable               
00000fad  ResetISR                      
00000829  SysCtlClockGet                
00000939  SysCtlClockSet                
00000fe5  SysCtlDelay                   
00000de1  SysCtlPeripheralEnable        
00000fcf  UARTCharGet                   
00000f87  UARTCharsAvail                
UNDEFED   UARTStdioConfig               
UNDEFED   UARTprintf                    
20000618  __STACK_END                   
00000200  __STACK_SIZE                  
20000618  __STACK_TOP                   
0000116c  __TI_CINIT_Base               
00001174  __TI_CINIT_Limit              
00001168  __TI_Handler_Table_Base       
0000116c  __TI_Handler_Table_Limit      
00000d9d  __TI_auto_init_nobinit_nopinit
ffffffff  __TI_pprof_out_hndl           
ffffffff  __TI_prof_data_size           
ffffffff  __TI_prof_data_start          
00000000  __TI_static_base__            
00000fa1  __TI_zero_init                
00000b2b  __aeabi_memclr                
00000b2b  __aeabi_memclr4               
00000b2b  __aeabi_memclr8               
00000b2d  __aeabi_memset                
00000b2d  __aeabi_memset4               
00000b2d  __aeabi_memset8               
ffffffff  __binit__                     
ffffffff  __c_args__                    
UNDEFED   __mpu_init                    
20000418  __stack                       
20000000  __start___llvm_prf_cnts       
20000000  __stop___llvm_prf_cnts        
00000e15  _c_int00_noargs               
UNDEFED   _system_post_cinit            
00000feb  _system_pre_init              
00000fef  abort                         
ffffffff  binit                         
00000495  check_status                  
00000000  g_pfnVectors                  
0000026d  main                          
00000b33  memset                        
20000000  pui8ControlTable              
000004b3  send_status                   
20000400  temp_t                        
00000d0d  uDMAChannelAttributeDisable   
00000d55  uDMAChannelAttributeEnable    
00000e9d  uDMAChannelControlSet         
00000ef1  uDMAChannelEnable             
00000e75  uDMAChannelModeGet            
00000a2d  uDMAChannelTransferSet        
00000fb9  uDMAControlBaseSet            
00000f4d  uDMAEnable                    


GLOBAL SYMBOLS: SORTED BY Symbol Address 

address   name                          
-------   ----                          
00000000  __TI_static_base__            
00000000  g_pfnVectors                  
00000200  __STACK_SIZE                  
0000026d  main                          
00000495  check_status                  
000004b3  send_status                   
000004f1  CalculateTemperatureAvg       
000005a9  ConfigureUART                 
000005e1  ConfigureADC                  
00000639  ConfigureUDMA                 
00000675  ADCSeq0Handler                
000006f5  GPIOPadConfigSet              
00000829  SysCtlClockGet                
00000939  SysCtlClockSet                
00000a2d  uDMAChannelTransferSet        
00000ab1  ADCSequenceStepConfigure      
00000b2b  __aeabi_memclr                
00000b2b  __aeabi_memclr4               
00000b2b  __aeabi_memclr8               
00000b2d  __aeabi_memset                
00000b2d  __aeabi_memset4               
00000b2d  __aeabi_memset8               
00000b33  memset                        
00000ba5  IntDisable                    
00000c0d  IntEnable                     
00000c75  ADCSequenceConfigure          
00000cc5  GPIOPinConfigure              
00000d0d  uDMAChannelAttributeDisable   
00000d55  uDMAChannelAttributeEnable    
00000d9d  __TI_auto_init_nobinit_nopinit
00000de1  SysCtlPeripheralEnable        
00000e15  _c_int00_noargs               
00000e49  GPIODirModeSet                
00000e75  uDMAChannelModeGet            
00000e9d  uDMAChannelControlSet         
00000ec1  ADCProcessorTrigger           
00000ed9  GPIOPinTypeGPIOOutput         
00000ef1  uDMAChannelEnable             
00000f09  GPIOPinTypeUART               
00000f1b  ADCIntEnable                  
00000f2b  ADCSequenceDMAEnable          
00000f3b  IntMasterEnable               
00000f4d  uDMAEnable                    
00000f5d  ADCIntDisable                 
00000f6b  ADCSequenceDisable            
00000f79  ADCSequenceEnable             
00000f87  UARTCharsAvail                
00000f95  CPUcpsie                      
00000fa1  __TI_zero_init                
00000fad  ResetISR                      
00000fb9  uDMAControlBaseSet            
00000fc5  ADCIntClear                   
00000fcf  UARTCharGet                   
00000fd9  GPIOPinRead                   
00000fdf  GPIOPinWrite                  
00000fe5  SysCtlDelay                   
00000feb  _system_pre_init              
00000fef  C$$EXIT                       
00000fef  abort                         
00001168  __TI_Handler_Table_Base       
0000116c  __TI_CINIT_Base               
0000116c  __TI_Handler_Table_Limit      
00001174  __TI_CINIT_Limit              
20000000  __start___llvm_prf_cnts       
20000000  __stop___llvm_prf_cnts        
20000000  pui8ControlTable              
20000400  temp_t                        
20000410  Count                         
20000418  __stack                       
20000618  __STACK_END                   
20000618  __STACK_TOP                   
ffffffff  __TI_pprof_out_hndl           
ffffffff  __TI_prof_data_size           
ffffffff  __TI_prof_data_start          
ffffffff  __binit__                     
ffffffff  __c_args__                    
ffffffff  binit                         
UNDEFED   UARTStdioConfig               
UNDEFED   UARTprintf                    
UNDEFED   __mpu_init                    
UNDEFED   _system_post_cinit            

[81 symbols]
