******************************************************************************
                  TI ARM Linker PC v20.2.1                     
******************************************************************************
>> Linked Tue Oct 20 23:01:33 2020

OUTPUT FILE NAME:   <exp3.out>
ENTRY POINT SYMBOL: "_c_int00_noargs"  address: 00001059


MEMORY CONFIGURATION

         name            origin    length      used     unused   attr    fill
----------------------  --------  ---------  --------  --------  ----  --------
  FLASH                 00000000   00040000  00001454  0003ebac  R  X
  SRAM                  20000000   00008000  00000516  00007aea  RW X


SEGMENT ALLOCATION MAP

run origin  load origin   length   init length attrs members
----------  ----------- ---------- ----------- ----- -------
00000000    00000000    00001458   00001458    r-x
  00000000    00000000    0000026c   0000026c    r-- .intvecs
  0000026c    0000026c    00001034   00001034    r-x .text
  000012a0    000012a0    00000184   00000184    r-- .const
  00001428    00001428    00000030   00000030    r-- .cinit
20000000    20000000    0000051d   00000000    rw-
  20000000    20000000    00000411   00000000    rw- .bss
  20000418    20000418    00000100   00000000    rw- .stack
  20000518    20000518    00000005   00000000    rw- .data


SECTION ALLOCATION MAP

 output                                  attributes/
section   page    origin      length       input sections
--------  ----  ----------  ----------   ----------------
.intvecs   0    00000000    0000026c     
                  00000000    0000026c     startup_ccs.obj (.intvecs)

.text      0    0000026c    00001034     
                  0000026c    00000208     project0.obj (.text:main)
                  00000474    000001ee     uartstdio.obj (.text:UARTvprintf)
                  00000662    00000132     driverlib.lib : gpio.obj (.text:GPIOPadConfigSet)
                  00000794    00000110                   : sysctl.obj (.text:SysCtlClockGet)
                  000008a4    000000f4                   : sysctl.obj (.text:SysCtlClockSet)
                  00000998    0000009c     rtsv7M4_T_le_v4SPD16_eabi.lib : memcpy_t2.asm.obj (.text)
                  00000a34    00000084     driverlib.lib : udma.obj (.text:uDMAChannelTransferSet)
                  00000ab8    0000007a                   : adc.obj (.text:ADCSequenceStepConfigure)
                  00000b32    0000007a     rtsv7M4_T_le_v4SPD16_eabi.lib : memset_t2.asm.obj (.text)
                  00000bac    00000068     driverlib.lib : interrupt.obj (.text:IntDisable)
                  00000c14    00000068                   : interrupt.obj (.text:IntEnable)
                  00000c7c    00000068     rtsv7M4_T_le_v4SPD16_eabi.lib : copy_decompress_lzss.c.obj (.text:decompress:lzss:__TI_decompress_lzss)
                  00000ce4    00000060     project0.obj (.text:ConfigureADC)
                  00000d44    00000060     uartstdio.obj (.text:UARTStdioConfig)
                  00000da4    00000050     driverlib.lib : adc.obj (.text:ADCSequenceConfigure)
                  00000df4    0000004c     project0.obj (.text:ConfigureUDMA)
                  00000e40    00000048     driverlib.lib : gpio.obj (.text:GPIOPinConfigure)
                  00000e88    00000048     uartstdio.obj (.text:UARTwrite)
                  00000ed0    00000048     driverlib.lib : udma.obj (.text:uDMAChannelAttributeDisable)
                  00000f18    00000048                   : udma.obj (.text:uDMAChannelAttributeEnable)
                  00000f60    00000044     rtsv7M4_T_le_v4SPD16_eabi.lib : autoinit.c.obj (.text:__TI_auto_init_nobinit_nopinit:__TI_auto_init_nobinit_nopinit)
                  00000fa4    00000040     project0.obj (.text:ConfigureUART)
                  00000fe4    00000040     rtsv7M4_T_le_v4SPD16_eabi.lib : u_divt2.asm.obj (.text)
                  00001024    00000034     driverlib.lib : sysctl.obj (.text:SysCtlPeripheralEnable)
                  00001058    00000034     rtsv7M4_T_le_v4SPD16_eabi.lib : boot_cortex_m.c.obj (.text:_c_int00_noargs:_c_int00_noargs)
                  0000108c    0000002a     driverlib.lib : gpio.obj (.text:GPIODirModeSet)
                  000010b6    00000002     startup_ccs.obj (.text:FaultISR)
                  000010b8    00000028     driverlib.lib : udma.obj (.text:uDMAChannelModeGet)
                  000010e0    00000026     project0.obj (.text:send_status)
                  00001106    00000002     startup_ccs.obj (.text:IntDefaultHandler)
                  00001108    00000024     project0.obj (.text:ADCSeq0Handler)
                  0000112c    00000024     driverlib.lib : udma.obj (.text:uDMAChannelControlSet)
                  00001150    0000001a     uartstdio.obj (.text:UARTprintf)
                  0000116a    00000018     driverlib.lib : gpio.obj (.text:GPIOPinTypeGPIOOutput)
                  00001182    00000002     startup_ccs.obj (.text:NmiSR)
                  00001184    00000018     driverlib.lib : udma.obj (.text:uDMAChannelEnable)
                  0000119c    00000012                   : gpio.obj (.text:GPIOPinTypeUART)
                  000011ae    00000010                   : adc.obj (.text:ADCIntEnable)
                  000011be    00000010                   : adc.obj (.text:ADCSequenceDMAEnable)
                  000011ce    00000010                   : interrupt.obj (.text:IntMasterEnable)
                  000011de    00000010     project0.obj (.text:check_status)
                  000011ee    00000002     rtsv7M4_T_le_v4SPD16_eabi.lib : div0.asm.obj (.text)
                  000011f0    00000010     driverlib.lib : udma.obj (.text:uDMAEnable)
                  00001200    0000000e                   : adc.obj (.text:ADCIntDisable)
                  0000120e    0000000e                   : adc.obj (.text:ADCSequenceDisable)
                  0000121c    0000000e                   : adc.obj (.text:ADCSequenceEnable)
                  0000122a    0000000e                   : uart.obj (.text:UARTCharsAvail)
                  00001238    0000000e     rtsv7M4_T_le_v4SPD16_eabi.lib : copy_decompress_none.c.obj (.text:decompress:none:__TI_decompress_none)
                  00001246    0000000c     driverlib.lib : cpu.obj (.text:CPUcpsie)
                  00001252    0000000c     rtsv7M4_T_le_v4SPD16_eabi.lib : copy_zero_init.c.obj (.text:decompress:ZI:__TI_zero_init)
                  0000125e    00000002     --HOLE-- [fill = 0]
                  00001260    0000000c     driverlib.lib : udma.obj (.text:uDMAControlBaseSet)
                  0000126c    0000000a                   : adc.obj (.text:ADCIntClear)
                  00001276    0000000a                   : uart.obj (.text:UARTCharGet)
                  00001280    00000006                   : gpio.obj (.text:GPIOPinRead)
                  00001286    00000006                   : gpio.obj (.text:GPIOPinWrite)
                  0000128c    00000006     startup_ccs.obj (.text:ResetISR)
                  00001292    00000006     driverlib.lib : sysctl.obj (.text:SysCtlDelay)
                  00001298    00000004     rtsv7M4_T_le_v4SPD16_eabi.lib : pre_init.c.obj (.text:_system_pre_init)
                  0000129c    00000004                                   : exit.c.obj (.text:abort:abort)

.const     0    000012a0    00000184     
                  000012a0    00000090     driverlib.lib : gpio.obj (.const:g_pui32GPIOBaseAddrs)
                  00001330    00000070                   : interrupt.obj (.const)
                  000013a0    0000006c                   : sysctl.obj (.const:g_pui32Xtals)
                  0000140c    0000000c     uartstdio.obj (.const:g_ui32UARTBase)
                  00001418    0000000c     uartstdio.obj (.const:g_ui32UARTPeriph)

.cinit     0    00001428    00000030     
                  00001428    0000000c     (__TI_handler_table)
                  00001434    00000004     --HOLE-- [fill = 0]
                  00001438    00000008     (.cinit..bss.load) [load image, compression = zero_init]
                  00001440    00000007     (.cinit..data.load) [load image, compression = lzss]
                  00001447    00000001     --HOLE-- [fill = 0]
                  00001448    00000010     (__TI_cinit_table)

.init_array 
*          0    00000000    00000000     UNINITIALIZED

.bss       0    20000000    00000411     UNINITIALIZED
                  20000000    00000400     (.common:pui8ControlTable)
                  20000400    00000010     (.common:temp_t)
                  20000410    00000001     project0.obj (.bss)

.data      0    20000518    00000005     UNINITIALIZED
                  20000518    00000005     uartstdio.obj (.data)

.stack     0    20000418    00000100     UNINITIALIZED
                  20000418    00000004     rtsv7M4_T_le_v4SPD16_eabi.lib : boot_cortex_m.c.obj (.stack)
                  2000041c    000000fc     --HOLE--

__llvm_prf_cnts 
*          0    20000000    00000000     UNINITIALIZED

MODULE SUMMARY

       Module                       code   ro data   rw data
       ------                       ----   -------   -------
    .\
       project0.obj                 846    0         1041   
       uartstdio.obj                688    24        5      
       startup_ccs.obj              12     620       0      
    +--+----------------------------+------+---------+---------+
       Total:                       1546   644       1046   
                                                            
    C:/ti/tivaware_c_series_2_1_4_178/driverlib/ccs/Debug/driverlib.lib
       sysctl.obj                   574    108       0      
       gpio.obj                     474    144       0      
       udma.obj                     404    0         0      
       interrupt.obj                224    112       0      
       adc.obj                      286    0         0      
       uart.obj                     24     0         0      
       cpu.obj                      12     0         0      
    +--+----------------------------+------+---------+---------+
       Total:                       1998   364       0      
                                                            
    C:\ti\ccs1010\ccs\tools\compiler\ti-cgt-arm_20.2.1.LTS\lib\rtsv7M4_T_le_v4SPD16_eabi.lib
       memcpy_t2.asm.obj            156    0         0      
       memset_t2.asm.obj            122    0         0      
       copy_decompress_lzss.c.obj   104    0         0      
       autoinit.c.obj               68     0         0      
       u_divt2.asm.obj              64     0         0      
       boot_cortex_m.c.obj          52     0         0      
       copy_decompress_none.c.obj   14     0         0      
       copy_zero_init.c.obj         12     0         0      
       exit.c.obj                   4      0         0      
       pre_init.c.obj               4      0         0      
       div0.asm.obj                 2      0         0      
    +--+----------------------------+------+---------+---------+
       Total:                       602    0         0      
                                                            
       Stack:                       0      0         256    
       Linker Generated:            0      43        0      
    +--+----------------------------+------+---------+---------+
       Grand Total:                 4146   1051      1302   


LINKER GENERATED COPY TABLES

__TI_cinit_table @ 00001448 records: 2, size/record: 8, table size: 16
	.bss: load addr=00001438, load size=00000008 bytes, run addr=20000000, run size=00000411 bytes, compression=zero_init
	.data: load addr=00001440, load size=00000007 bytes, run addr=20000518, run size=00000005 bytes, compression=lzss


LINKER GENERATED HANDLER TABLE

__TI_handler_table @ 00001428 records: 3, size/record: 4, table size: 12
	index: 0, handler: __TI_decompress_lzss
	index: 1, handler: __TI_decompress_none
	index: 2, handler: __TI_zero_init


GLOBAL SYMBOLS: SORTED ALPHABETICALLY BY Name 

address   name                          
-------   ----                          
0000126d  ADCIntClear                   
00001201  ADCIntDisable                 
000011af  ADCIntEnable                  
00001109  ADCSeq0Handler                
00000da5  ADCSequenceConfigure          
000011bf  ADCSequenceDMAEnable          
0000120f  ADCSequenceDisable            
0000121d  ADCSequenceEnable             
00000ab9  ADCSequenceStepConfigure      
0000129d  C$$EXIT                       
00001247  CPUcpsie                      
00000ce5  ConfigureADC                  
00000fa5  ConfigureUART                 
00000df5  ConfigureUDMA                 
0000108d  GPIODirModeSet                
00000663  GPIOPadConfigSet              
00000e41  GPIOPinConfigure              
00001281  GPIOPinRead                   
0000116b  GPIOPinTypeGPIOOutput         
0000119d  GPIOPinTypeUART               
00001287  GPIOPinWrite                  
00000bad  IntDisable                    
00000c15  IntEnable                     
000011cf  IntMasterEnable               
0000128d  ResetISR                      
00000795  SysCtlClockGet                
000008a5  SysCtlClockSet                
00001293  SysCtlDelay                   
00001025  SysCtlPeripheralEnable        
00001277  UARTCharGet                   
0000122b  UARTCharsAvail                
00000d45  UARTStdioConfig               
00001151  UARTprintf                    
00000475  UARTvprintf                   
00000e89  UARTwrite                     
20000518  __STACK_END                   
00000100  __STACK_SIZE                  
20000518  __STACK_TOP                   
00001448  __TI_CINIT_Base               
00001458  __TI_CINIT_Limit              
00001428  __TI_Handler_Table_Base       
00001434  __TI_Handler_Table_Limit      
00000f61  __TI_auto_init_nobinit_nopinit
00000c7d  __TI_decompress_lzss          
00001239  __TI_decompress_none          
ffffffff  __TI_pprof_out_hndl           
ffffffff  __TI_prof_data_size           
ffffffff  __TI_prof_data_start          
00000000  __TI_static_base__            
00001253  __TI_zero_init                
000011ef  __aeabi_idiv0                 
000011ef  __aeabi_ldiv0                 
00000b33  __aeabi_memclr                
00000b33  __aeabi_memclr4               
00000b33  __aeabi_memclr8               
00000999  __aeabi_memcpy                
00000999  __aeabi_memcpy4               
00000999  __aeabi_memcpy8               
00000b35  __aeabi_memset                
00000b35  __aeabi_memset4               
00000b35  __aeabi_memset8               
00000fe5  __aeabi_uidiv                 
00000fe5  __aeabi_uidivmod              
ffffffff  __binit__                     
ffffffff  __c_args__                    
UNDEFED   __mpu_init                    
20000418  __stack                       
20000000  __start___llvm_prf_cnts       
20000000  __stop___llvm_prf_cnts        
00001059  _c_int00_noargs               
UNDEFED   _system_post_cinit            
00001299  _system_pre_init              
0000129d  abort                         
ffffffff  binit                         
UNDEFED   calculate_avg_temperature     
000011df  check_status                  
00000000  g_pfnVectors                  
0000026d  main                          
00000999  memcpy                        
00000b3b  memset                        
20000000  pui8ControlTable              
000010e1  send_status                   
20000400  temp_t                        
00000ed1  uDMAChannelAttributeDisable   
00000f19  uDMAChannelAttributeEnable    
0000112d  uDMAChannelControlSet         
00001185  uDMAChannelEnable             
000010b9  uDMAChannelModeGet            
00000a35  uDMAChannelTransferSet        
00001261  uDMAControlBaseSet            
000011f1  uDMAEnable                    


GLOBAL SYMBOLS: SORTED BY Symbol Address 

address   name                          
-------   ----                          
00000000  __TI_static_base__            
00000000  g_pfnVectors                  
00000100  __STACK_SIZE                  
0000026d  main                          
00000475  UARTvprintf                   
00000663  GPIOPadConfigSet              
00000795  SysCtlClockGet                
000008a5  SysCtlClockSet                
00000999  __aeabi_memcpy                
00000999  __aeabi_memcpy4               
00000999  __aeabi_memcpy8               
00000999  memcpy                        
00000a35  uDMAChannelTransferSet        
00000ab9  ADCSequenceStepConfigure      
00000b33  __aeabi_memclr                
00000b33  __aeabi_memclr4               
00000b33  __aeabi_memclr8               
00000b35  __aeabi_memset                
00000b35  __aeabi_memset4               
00000b35  __aeabi_memset8               
00000b3b  memset                        
00000bad  IntDisable                    
00000c15  IntEnable                     
00000c7d  __TI_decompress_lzss          
00000ce5  ConfigureADC                  
00000d45  UARTStdioConfig               
00000da5  ADCSequenceConfigure          
00000df5  ConfigureUDMA                 
00000e41  GPIOPinConfigure              
00000e89  UARTwrite                     
00000ed1  uDMAChannelAttributeDisable   
00000f19  uDMAChannelAttributeEnable    
00000f61  __TI_auto_init_nobinit_nopinit
00000fa5  ConfigureUART                 
00000fe5  __aeabi_uidiv                 
00000fe5  __aeabi_uidivmod              
00001025  SysCtlPeripheralEnable        
00001059  _c_int00_noargs               
0000108d  GPIODirModeSet                
000010b9  uDMAChannelModeGet            
000010e1  send_status                   
00001109  ADCSeq0Handler                
0000112d  uDMAChannelControlSet         
00001151  UARTprintf                    
0000116b  GPIOPinTypeGPIOOutput         
00001185  uDMAChannelEnable             
0000119d  GPIOPinTypeUART               
000011af  ADCIntEnable                  
000011bf  ADCSequenceDMAEnable          
000011cf  IntMasterEnable               
000011df  check_status                  
000011ef  __aeabi_idiv0                 
000011ef  __aeabi_ldiv0                 
000011f1  uDMAEnable                    
00001201  ADCIntDisable                 
0000120f  ADCSequenceDisable            
0000121d  ADCSequenceEnable             
0000122b  UARTCharsAvail                
00001239  __TI_decompress_none          
00001247  CPUcpsie                      
00001253  __TI_zero_init                
00001261  uDMAControlBaseSet            
0000126d  ADCIntClear                   
00001277  UARTCharGet                   
00001281  GPIOPinRead                   
00001287  GPIOPinWrite                  
0000128d  ResetISR                      
00001293  SysCtlDelay                   
00001299  _system_pre_init              
0000129d  C$$EXIT                       
0000129d  abort                         
00001428  __TI_Handler_Table_Base       
00001434  __TI_Handler_Table_Limit      
00001448  __TI_CINIT_Base               
00001458  __TI_CINIT_Limit              
20000000  __start___llvm_prf_cnts       
20000000  __stop___llvm_prf_cnts        
20000000  pui8ControlTable              
20000400  temp_t                        
20000418  __stack                       
20000518  __STACK_END                   
20000518  __STACK_TOP                   
ffffffff  __TI_pprof_out_hndl           
ffffffff  __TI_prof_data_size           
ffffffff  __TI_prof_data_start          
ffffffff  __binit__                     
ffffffff  __c_args__                    
ffffffff  binit                         
UNDEFED   __mpu_init                    
UNDEFED   _system_post_cinit            
UNDEFED   calculate_avg_temperature     

[91 symbols]
