******************************************************************************
                  TI ARM Linker PC v20.2.1                     
******************************************************************************
>> Linked Mon Oct 26 23:18:49 2020

OUTPUT FILE NAME:   <Ass2_TIVAC_.out>
ENTRY POINT SYMBOL: "_c_int00_noargs"  address: 00000ac9


MEMORY CONFIGURATION

         name            origin    length      used     unused   attr    fill
----------------------  --------  ---------  --------  --------  ----  --------
  FLASH                 00000000   00040000  00000d1c  0003f2e4  R  X
  SRAM                  20000000   00008000  00000105  00007efb  RW X


SEGMENT ALLOCATION MAP

run origin  load origin   length   init length attrs members
----------  ----------- ---------- ----------- ----- -------
00000000    00000000    00000d20   00000d20    r-x
  00000000    00000000    0000026c   0000026c    r-- .intvecs
  0000026c    0000026c    00000984   00000984    r-x .text
  00000bf0    00000bf0    00000114   00000114    r-- .const
  00000d08    00000d08    00000018   00000018    r-- .cinit
20000000    20000000    00000105   00000000    rw-
  20000000    20000000    00000100   00000000    rw- .stack
  20000100    20000100    00000005   00000000    rw- .data


SECTION ALLOCATION MAP

 output                                  attributes/
section   page    origin      length       input sections
--------  ----  ----------  ----------   ----------------
.intvecs   0    00000000    0000026c     
                  00000000    0000026c     startup_ccs.obj (.intvecs)

.text      0    0000026c    00000984     
                  0000026c    000001ee     uartstdio.obj (.text:UARTvprintf)
                  0000045a    00000132     driverlib.lib : gpio.obj (.text:GPIOPadConfigSet)
                  0000058c    00000110                   : sysctl.obj (.text:SysCtlClockGet)
                  0000069c    0000009c     rtsv7M4_T_le_v4SPD16_eabi.lib : memcpy_t2.asm.obj (.text)
                  00000738    00000090     project0.obj (.text:I2C0_Read16)
                  000007c8    00000068     rtsv7M4_T_le_v4SPD16_eabi.lib : copy_decompress_lzss.c.obj (.text:decompress:lzss:__TI_decompress_lzss)
                  00000830    00000060     uartstdio.obj (.text:UARTStdioConfig)
                  00000890    00000060     project0.obj (.text:initI2C0)
                  000008f0    0000004c     driverlib.lib : i2c.obj (.text:I2CMasterInitExpClk)
                  0000093c    00000048                   : gpio.obj (.text:GPIOPinConfigure)
                  00000984    00000048     uartstdio.obj (.text:UARTwrite)
                  000009cc    00000044     project0.obj (.text:ConfigureUART)
                  00000a10    00000044     rtsv7M4_T_le_v4SPD16_eabi.lib : autoinit.c.obj (.text:__TI_auto_init_nobinit_nopinit:__TI_auto_init_nobinit_nopinit)
                  00000a54    00000040                                   : u_divt2.asm.obj (.text)
                  00000a94    00000034     driverlib.lib : sysctl.obj (.text:SysCtlPeripheralEnable)
                  00000ac8    00000034     rtsv7M4_T_le_v4SPD16_eabi.lib : boot_cortex_m.c.obj (.text:_c_int00_noargs:_c_int00_noargs)
                  00000afc    0000002a     driverlib.lib : gpio.obj (.text:GPIODirModeSet)
                  00000b26    00000002     startup_ccs.obj (.text:FaultISR)
                  00000b28    0000002a     project0.obj (.text:main)
                  00000b52    0000001a     uartstdio.obj (.text:UARTprintf)
                  00000b6c    00000012     driverlib.lib : gpio.obj (.text:GPIOPinTypeI2C)
                  00000b7e    00000012                   : gpio.obj (.text:GPIOPinTypeI2CSCL)
                  00000b90    00000012                   : gpio.obj (.text:GPIOPinTypeUART)
                  00000ba2    0000000e     rtsv7M4_T_le_v4SPD16_eabi.lib : copy_decompress_none.c.obj (.text:decompress:none:__TI_decompress_none)
                  00000bb0    0000000a     driverlib.lib : i2c.obj (.text:I2CMasterEnable)
                  00000bba    00000008                   : i2c.obj (.text:I2CMasterBusy)
                  00000bc2    00000008                   : i2c.obj (.text:I2CMasterSlaveAddrSet)
                  00000bca    00000006     startup_ccs.obj (.text:ResetISR)
                  00000bd0    00000006     driverlib.lib : sysctl.obj (.text:SysCtlDelay)
                  00000bd6    00000004                   : i2c.obj (.text:I2CMasterControl)
                  00000bda    00000004                   : i2c.obj (.text:I2CMasterDataGet)
                  00000bde    00000004                   : i2c.obj (.text:I2CMasterDataPut)
                  00000be2    00000004     rtsv7M4_T_le_v4SPD16_eabi.lib : pre_init.c.obj (.text:_system_pre_init)
                  00000be6    00000004                                   : exit.c.obj (.text:abort:abort)
                  00000bea    00000002     startup_ccs.obj (.text:IntDefaultHandler)
                  00000bec    00000002     startup_ccs.obj (.text:NmiSR)
                  00000bee    00000002     rtsv7M4_T_le_v4SPD16_eabi.lib : div0.asm.obj (.text)

.const     0    00000bf0    00000114     
                  00000bf0    00000090     driverlib.lib : gpio.obj (.const:g_pui32GPIOBaseAddrs)
                  00000c80    0000006c                   : sysctl.obj (.const:g_pui32Xtals)
                  00000cec    0000000c     uartstdio.obj (.const:g_ui32UARTBase)
                  00000cf8    0000000c     uartstdio.obj (.const:g_ui32UARTPeriph)

.cinit     0    00000d08    00000018     
                  00000d08    00000008     (__TI_handler_table)
                  00000d10    00000007     (.cinit..data.load) [load image, compression = lzss]
                  00000d17    00000001     --HOLE-- [fill = 0]
                  00000d18    00000008     (__TI_cinit_table)

.init_array 
*          0    00000000    00000000     UNINITIALIZED

.data      0    20000100    00000005     UNINITIALIZED
                  20000100    00000005     uartstdio.obj (.data)

.stack     0    20000000    00000100     UNINITIALIZED
                  20000000    00000004     rtsv7M4_T_le_v4SPD16_eabi.lib : boot_cortex_m.c.obj (.stack)
                  20000004    000000fc     --HOLE--

__llvm_prf_cnts 
*          0    20000000    00000000     UNINITIALIZED

MODULE SUMMARY

       Module                       code   ro data   rw data
       ------                       ----   -------   -------
    .\
       uartstdio.obj                688    24        5      
       startup_ccs.obj              12     620       0      
       project0.obj                 350    0         0      
    +--+----------------------------+------+---------+---------+
       Total:                       1050   644       5      
                                                            
    C:/ti/tivaware_c_series_2_1_4_178/driverlib/ccs/Debug/driverlib.lib
       gpio.obj                     474    144       0      
       sysctl.obj                   330    108       0      
       i2c.obj                      114    0         0      
    +--+----------------------------+------+---------+---------+
       Total:                       918    252       0      
                                                            
    C:\ti\ccs1010\ccs\tools\compiler\ti-cgt-arm_20.2.1.LTS\lib\rtsv7M4_T_le_v4SPD16_eabi.lib
       memcpy_t2.asm.obj            156    0         0      
       copy_decompress_lzss.c.obj   104    0         0      
       autoinit.c.obj               68     0         0      
       u_divt2.asm.obj              64     0         0      
       boot_cortex_m.c.obj          52     0         0      
       copy_decompress_none.c.obj   14     0         0      
       exit.c.obj                   4      0         0      
       pre_init.c.obj               4      0         0      
       div0.asm.obj                 2      0         0      
    +--+----------------------------+------+---------+---------+
       Total:                       468    0         0      
                                                            
       Stack:                       0      0         256    
       Linker Generated:            0      23        0      
    +--+----------------------------+------+---------+---------+
       Grand Total:                 2436   919       261    


LINKER GENERATED COPY TABLES

__TI_cinit_table @ 00000d18 records: 1, size/record: 8, table size: 8
	.data: load addr=00000d10, load size=00000007 bytes, run addr=20000100, run size=00000005 bytes, compression=lzss


LINKER GENERATED HANDLER TABLE

__TI_handler_table @ 00000d08 records: 2, size/record: 4, table size: 8
	index: 0, handler: __TI_decompress_lzss
	index: 1, handler: __TI_decompress_none


GLOBAL SYMBOLS: SORTED ALPHABETICALLY BY Name 

address   name                          
-------   ----                          
00000be7  C$$EXIT                       
000009cd  ConfigureUART                 
00000afd  GPIODirModeSet                
0000045b  GPIOPadConfigSet              
0000093d  GPIOPinConfigure              
00000b6d  GPIOPinTypeI2C                
00000b7f  GPIOPinTypeI2CSCL             
00000b91  GPIOPinTypeUART               
00000739  I2C0_Read16                   
00000bbb  I2CMasterBusy                 
00000bd7  I2CMasterControl              
00000bdb  I2CMasterDataGet              
00000bdf  I2CMasterDataPut              
00000bb1  I2CMasterEnable               
000008f1  I2CMasterInitExpClk           
00000bc3  I2CMasterSlaveAddrSet         
00000bcb  ResetISR                      
0000058d  SysCtlClockGet                
00000bd1  SysCtlDelay                   
00000a95  SysCtlPeripheralEnable        
00000831  UARTStdioConfig               
00000b53  UARTprintf                    
0000026d  UARTvprintf                   
00000985  UARTwrite                     
20000100  __STACK_END                   
00000100  __STACK_SIZE                  
20000100  __STACK_TOP                   
00000d18  __TI_CINIT_Base               
00000d20  __TI_CINIT_Limit              
00000d08  __TI_Handler_Table_Base       
00000d10  __TI_Handler_Table_Limit      
00000a11  __TI_auto_init_nobinit_nopinit
000007c9  __TI_decompress_lzss          
00000ba3  __TI_decompress_none          
ffffffff  __TI_pprof_out_hndl           
ffffffff  __TI_prof_data_size           
ffffffff  __TI_prof_data_start          
00000000  __TI_static_base__            
00000bef  __aeabi_idiv0                 
00000bef  __aeabi_ldiv0                 
0000069d  __aeabi_memcpy                
0000069d  __aeabi_memcpy4               
0000069d  __aeabi_memcpy8               
00000a55  __aeabi_uidiv                 
00000a55  __aeabi_uidivmod              
ffffffff  __binit__                     
ffffffff  __c_args__                    
UNDEFED   __mpu_init                    
20000000  __stack                       
20000000  __start___llvm_prf_cnts       
20000000  __stop___llvm_prf_cnts        
00000ac9  _c_int00_noargs               
UNDEFED   _system_post_cinit            
00000be3  _system_pre_init              
00000be7  abort                         
ffffffff  binit                         
00000000  g_pfnVectors                  
00000891  initI2C0                      
00000b29  main                          
0000069d  memcpy                        


GLOBAL SYMBOLS: SORTED BY Symbol Address 

address   name                          
-------   ----                          
00000000  __TI_static_base__            
00000000  g_pfnVectors                  
00000100  __STACK_SIZE                  
0000026d  UARTvprintf                   
0000045b  GPIOPadConfigSet              
0000058d  SysCtlClockGet                
0000069d  __aeabi_memcpy                
0000069d  __aeabi_memcpy4               
0000069d  __aeabi_memcpy8               
0000069d  memcpy                        
00000739  I2C0_Read16                   
000007c9  __TI_decompress_lzss          
00000831  UARTStdioConfig               
00000891  initI2C0                      
000008f1  I2CMasterInitExpClk           
0000093d  GPIOPinConfigure              
00000985  UARTwrite                     
000009cd  ConfigureUART                 
00000a11  __TI_auto_init_nobinit_nopinit
00000a55  __aeabi_uidiv                 
00000a55  __aeabi_uidivmod              
00000a95  SysCtlPeripheralEnable        
00000ac9  _c_int00_noargs               
00000afd  GPIODirModeSet                
00000b29  main                          
00000b53  UARTprintf                    
00000b6d  GPIOPinTypeI2C                
00000b7f  GPIOPinTypeI2CSCL             
00000b91  GPIOPinTypeUART               
00000ba3  __TI_decompress_none          
00000bb1  I2CMasterEnable               
00000bbb  I2CMasterBusy                 
00000bc3  I2CMasterSlaveAddrSet         
00000bcb  ResetISR                      
00000bd1  SysCtlDelay                   
00000bd7  I2CMasterControl              
00000bdb  I2CMasterDataGet              
00000bdf  I2CMasterDataPut              
00000be3  _system_pre_init              
00000be7  C$$EXIT                       
00000be7  abort                         
00000bef  __aeabi_idiv0                 
00000bef  __aeabi_ldiv0                 
00000d08  __TI_Handler_Table_Base       
00000d10  __TI_Handler_Table_Limit      
00000d18  __TI_CINIT_Base               
00000d20  __TI_CINIT_Limit              
20000000  __stack                       
20000000  __start___llvm_prf_cnts       
20000000  __stop___llvm_prf_cnts        
20000100  __STACK_END                   
20000100  __STACK_TOP                   
ffffffff  __TI_pprof_out_hndl           
ffffffff  __TI_prof_data_size           
ffffffff  __TI_prof_data_start          
ffffffff  __binit__                     
ffffffff  __c_args__                    
ffffffff  binit                         
UNDEFED   __mpu_init                    
UNDEFED   _system_post_cinit            

[60 symbols]
